Archive member included to satisfy reference by file (symbol)

c:/program files (x86)/atmel/studio/7.0/toolchain/arm/arm-gnu-toolchain/bin/../lib/gcc/arm-none-eabi/6.3.1/thumb/v7-m\libgcc.a(_arm_addsubdf3.o)
                              delay.o (__aeabi_i2d)
c:/program files (x86)/atmel/studio/7.0/toolchain/arm/arm-gnu-toolchain/bin/../lib/gcc/arm-none-eabi/6.3.1/thumb/v7-m\libgcc.a(_arm_muldivdf3.o)
                              delay.o (__aeabi_dmul)
c:/program files (x86)/atmel/studio/7.0/toolchain/arm/arm-gnu-toolchain/bin/../lib/gcc/arm-none-eabi/6.3.1/thumb/v7-m\libgcc.a(_arm_fixdfsi.o)
                              delay.o (__aeabi_d2iz)
c:/program files (x86)/atmel/studio/7.0/toolchain/arm/arm-gnu-toolchain/bin/../lib/gcc/arm-none-eabi/6.3.1/thumb/v7-m\libgcc.a(_arm_fixunsdfsi.o)
                              delay.o (__aeabi_d2uiz)
c:/program files (x86)/atmel/studio/7.0/toolchain/arm/arm-gnu-toolchain/bin/../lib/gcc/arm-none-eabi/6.3.1/thumb/v7-m\libgcc.a(_arm_addsubsf3.o)
                              PWM.o (__aeabi_i2f)
c:/program files (x86)/atmel/studio/7.0/toolchain/arm/arm-gnu-toolchain/bin/../lib/gcc/arm-none-eabi/6.3.1/thumb/v7-m\libgcc.a(_arm_cmpsf2.o)
                              PWM.o (__aeabi_fcmplt)
c:/program files (x86)/atmel/studio/7.0/toolchain/arm/arm-gnu-toolchain/bin/../lib/gcc/arm-none-eabi/6.3.1/thumb/v7-m\libgcc.a(_arm_fixunssfsi.o)
                              PWM.o (__aeabi_f2uiz)
c:/program files (x86)/atmel/studio/7.0/toolchain/arm/arm-gnu-toolchain/bin/../lib/gcc/arm-none-eabi/6.3.1/../../../../arm-none-eabi/lib/thumb/v7-m\libc.a(lib_a-exit.o)
                              c:/program files (x86)/atmel/studio/7.0/toolchain/arm/arm-gnu-toolchain/bin/../lib/gcc/arm-none-eabi/6.3.1/../../../../arm-none-eabi/lib/thumb/v7-m/crt0.o (exit)
c:/program files (x86)/atmel/studio/7.0/toolchain/arm/arm-gnu-toolchain/bin/../lib/gcc/arm-none-eabi/6.3.1/../../../../arm-none-eabi/lib/thumb/v7-m\libc.a(lib_a-impure.o)
                              c:/program files (x86)/atmel/studio/7.0/toolchain/arm/arm-gnu-toolchain/bin/../lib/gcc/arm-none-eabi/6.3.1/../../../../arm-none-eabi/lib/thumb/v7-m\libc.a(lib_a-exit.o) (_global_impure_ptr)
c:/program files (x86)/atmel/studio/7.0/toolchain/arm/arm-gnu-toolchain/bin/../lib/gcc/arm-none-eabi/6.3.1/../../../../arm-none-eabi/lib/thumb/v7-m\libc.a(lib_a-init.o)
                              c:/program files (x86)/atmel/studio/7.0/toolchain/arm/arm-gnu-toolchain/bin/../lib/gcc/arm-none-eabi/6.3.1/../../../../arm-none-eabi/lib/thumb/v7-m/crt0.o (__libc_init_array)
c:/program files (x86)/atmel/studio/7.0/toolchain/arm/arm-gnu-toolchain/bin/../lib/gcc/arm-none-eabi/6.3.1/../../../../arm-none-eabi/lib/thumb/v7-m\libc.a(lib_a-memset.o)
                              c:/program files (x86)/atmel/studio/7.0/toolchain/arm/arm-gnu-toolchain/bin/../lib/gcc/arm-none-eabi/6.3.1/../../../../arm-none-eabi/lib/thumb/v7-m/crt0.o (memset)
c:/program files (x86)/atmel/studio/7.0/toolchain/arm/arm-gnu-toolchain/bin/../lib/gcc/arm-none-eabi/6.3.1/../../../../arm-none-eabi/lib/thumb/v7-m\libc.a(lib_a-__call_atexit.o)
                              c:/program files (x86)/atmel/studio/7.0/toolchain/arm/arm-gnu-toolchain/bin/../lib/gcc/arm-none-eabi/6.3.1/../../../../arm-none-eabi/lib/thumb/v7-m\libc.a(lib_a-exit.o) (__call_exitprocs)
c:/program files (x86)/atmel/studio/7.0/toolchain/arm/arm-gnu-toolchain/bin/../lib/gcc/arm-none-eabi/6.3.1/../../../../arm-none-eabi/lib/thumb/v7-m\libc.a(lib_a-atexit.o)
                              c:/program files (x86)/atmel/studio/7.0/toolchain/arm/arm-gnu-toolchain/bin/../lib/gcc/arm-none-eabi/6.3.1/../../../../arm-none-eabi/lib/thumb/v7-m\libc.a(lib_a-__call_atexit.o) (atexit)
c:/program files (x86)/atmel/studio/7.0/toolchain/arm/arm-gnu-toolchain/bin/../lib/gcc/arm-none-eabi/6.3.1/../../../../arm-none-eabi/lib/thumb/v7-m\libc.a(lib_a-fini.o)
                              c:/program files (x86)/atmel/studio/7.0/toolchain/arm/arm-gnu-toolchain/bin/../lib/gcc/arm-none-eabi/6.3.1/../../../../arm-none-eabi/lib/thumb/v7-m\libc.a(lib_a-__call_atexit.o) (__libc_fini_array)
c:/program files (x86)/atmel/studio/7.0/toolchain/arm/arm-gnu-toolchain/bin/../lib/gcc/arm-none-eabi/6.3.1/../../../../arm-none-eabi/lib/thumb/v7-m\libc.a(lib_a-lock.o)
                              c:/program files (x86)/atmel/studio/7.0/toolchain/arm/arm-gnu-toolchain/bin/../lib/gcc/arm-none-eabi/6.3.1/../../../../arm-none-eabi/lib/thumb/v7-m\libc.a(lib_a-__call_atexit.o) (__retarget_lock_acquire_recursive)
c:/program files (x86)/atmel/studio/7.0/toolchain/arm/arm-gnu-toolchain/bin/../lib/gcc/arm-none-eabi/6.3.1/../../../../arm-none-eabi/lib/thumb/v7-m\libc.a(lib_a-__atexit.o)
                              c:/program files (x86)/atmel/studio/7.0/toolchain/arm/arm-gnu-toolchain/bin/../lib/gcc/arm-none-eabi/6.3.1/../../../../arm-none-eabi/lib/thumb/v7-m\libc.a(lib_a-atexit.o) (__register_exitproc)

Allocating common symbols
Common symbol       size              file

[...]
Memory Configuration

Name             Origin             Length             Attributes
rom              0x00080000         0x00080000         xr
ram              0x20000000         0x00018000         xrw
*default*        0x00000000         0xffffffff

Linker script and memory map

LOAD c:/program files (x86)/atmel/studio/7.0/toolchain/arm/arm-gnu-toolchain/bin/../lib/gcc/arm-none-eabi/6.3.1/thumb/v7-m/crti.o
LOAD c:/program files (x86)/atmel/studio/7.0/toolchain/arm/arm-gnu-toolchain/bin/../lib/gcc/arm-none-eabi/6.3.1/thumb/v7-m/crtbegin.o
LOAD c:/program files (x86)/atmel/studio/7.0/toolchain/arm/arm-gnu-toolchain/bin/../lib/gcc/arm-none-eabi/6.3.1/../../../../arm-none-eabi/lib/thumb/v7-m/crt0.o
LOAD ADC.o
LOAD can_controller.o
LOAD can_interrupt.o
LOAD DAC.o
LOAD debugging_via_leds.o
LOAD delay.o
LOAD Device_Startup/startup_sam3xa.o
LOAD Device_Startup/system_sam3xa.o
LOAD main.o
LOAD Motor.o
LOAD PID.o
LOAD printf-stdarg.o
LOAD PWM.o
LOAD Timer.o
LOAD uart.o
START GROUP
LOAD c:/program files (x86)/atmel/studio/7.0/toolchain/arm/arm-gnu-toolchain/bin/../lib/gcc/arm-none-eabi/6.3.1/../../../../arm-none-eabi/lib/thumb/v7-m\libm.a
END GROUP
START GROUP
LOAD c:/program files (x86)/atmel/studio/7.0/toolchain/arm/arm-gnu-toolchain/bin/../lib/gcc/arm-none-eabi/6.3.1/thumb/v7-m\libgcc.a
LOAD c:/program files (x86)/atmel/studio/7.0/toolchain/arm/arm-gnu-toolchain/bin/../lib/gcc/arm-none-eabi/6.3.1/../../../../arm-none-eabi/lib/thumb/v7-m\libc.a
END GROUP
LOAD c:/program files (x86)/atmel/studio/7.0/toolchain/arm/arm-gnu-toolchain/bin/../lib/gcc/arm-none-eabi/6.3.1/thumb/v7-m/crtend.o
LOAD c:/program files (x86)/atmel/studio/7.0/toolchain/arm/arm-gnu-toolchain/bin/../lib/gcc/arm-none-eabi/6.3.1/thumb/v7-m/crtn.o
                0x00000400                STACK_SIZE = DEFINED (STACK_SIZE)?STACK_SIZE:0x400
                0x00000200                HEAP_SIZE = DEFINED (HEAP_SIZE)?HEAP_SIZE:0x200

.text           0x00080000     0x2078
                0x00080000                . = ALIGN (0x4)
                0x00080000                _sfixed = .
 *(.vectors .vectors.*)
 .vectors       0x00080000       0xf4 Device_Startup/startup_sam3xa.o
                0x00080000                exception_table
 *(.text .text.* .gnu.linkonce.t.*)
 .text          0x000800f4       0x6c c:/program files (x86)/atmel/studio/7.0/toolchain/arm/arm-gnu-toolchain/bin/../lib/gcc/arm-none-eabi/6.3.1/thumb/v7-m/crtbegin.o
 .text.ADC_init
                0x00080160       0x20 ADC.o
                0x00080160                ADC_init
 .text.readIR   0x00080180       0x84 ADC.o
                0x00080180                readIR
 .text.can_init
                0x00080204       0xf4 can_controller.o
                0x00080204                can_init
 .text.can_init_def_tx_rx_mb
                0x000802f8       0x10 can_controller.o
                0x000802f8                can_init_def_tx_rx_mb
 .text.can_send
                0x00080308       0x9c can_controller.o
                0x00080308                can_send
 .text.can_receive
                0x000803a4       0x84 can_controller.o
                0x000803a4                can_receive
 .text.can_sort
                0x00080428       0xa0 can_controller.o
                0x00080428                can_sort
 .text.CAN0_Handler
                0x000804c8       0xe4 can_interrupt.o
                0x000804c8                CAN0_Handler
 .text.DACC_init
                0x000805ac       0x4c DAC.o
                0x000805ac                DACC_init
 .text.DAC_convert_value
                0x000805f8        0xc DAC.o
                0x000805f8                DAC_convert_value
 *fill*         0x00080604        0x4 
 .text._delay_ticks
                0x00080608       0x48 delay.o
                0x00080608                _delay_ticks
 .text._delay_ms
                0x00080650       0x38 delay.o
                0x00080650                _delay_ms
 .text._delay_us
                0x00080688       0x2c delay.o
                0x00080688                _delay_us
 .text.Dummy_Handler
                0x000806b4        0x2 Device_Startup/startup_sam3xa.o
                0x000806b4                DACC_Handler
                0x000806b4                DebugMon_Handler
                0x000806b4                DMAC_Handler
                0x000806b4                TRNG_Handler
                0x000806b4                HardFault_Handler
                0x000806b4                TC2_Handler
                0x000806b4                SysTick_Handler
                0x000806b4                USART3_Handler
                0x000806b4                TWI1_Handler
                0x000806b4                PendSV_Handler
                0x000806b4                NMI_Handler
                0x000806b4                TC7_Handler
                0x000806b4                ADC_Handler
                0x000806b4                SMC_Handler
                0x000806b4                USART0_Handler
                0x000806b4                EFC1_Handler
                0x000806b4                PIOB_Handler
                0x000806b4                RTC_Handler
                0x000806b4                UsageFault_Handler
                0x000806b4                TC6_Handler
                0x000806b4                WDT_Handler
                0x000806b4                TC4_Handler
                0x000806b4                TC1_Handler
                0x000806b4                HSMCI_Handler
                0x000806b4                TC3_Handler
                0x000806b4                Dummy_Handler
                0x000806b4                TWI0_Handler
                0x000806b4                USART1_Handler
                0x000806b4                PIOA_Handler
                0x000806b4                SSC_Handler
                0x000806b4                EFC0_Handler
                0x000806b4                PMC_Handler
                0x000806b4                PWM_Handler
                0x000806b4                CAN1_Handler
                0x000806b4                MemManage_Handler
                0x000806b4                SUPC_Handler
                0x000806b4                SVC_Handler
                0x000806b4                TC8_Handler
                0x000806b4                USART2_Handler
                0x000806b4                PIOD_Handler
                0x000806b4                EMAC_Handler
                0x000806b4                PIOC_Handler
                0x000806b4                BusFault_Handler
                0x000806b4                RSTC_Handler
                0x000806b4                TC5_Handler
                0x000806b4                UOTGHS_Handler
                0x000806b4                SPI0_Handler
 *fill*         0x000806b6        0x2 
 .text.Reset_Handler
                0x000806b8       0x88 Device_Startup/startup_sam3xa.o
                0x000806b8                Reset_Handler
 .text.SystemInit
                0x00080740       0xa4 Device_Startup/system_sam3xa.o
                0x00080740                SystemInit
 .text.main     0x000807e4       0x80 main.o
                0x000807e4                main
 .text.reset_high
                0x00080864       0x10 Motor.o
                0x00080864                reset_high
 .text.reset_low
                0x00080874       0x10 Motor.o
                0x00080874                reset_low
 .text.output_disable
                0x00080884       0x10 Motor.o
                0x00080884                output_disable
 .text.output_enable
                0x00080894       0x10 Motor.o
                0x00080894                output_enable
 .text.sel_high_byte
                0x000808a4       0x10 Motor.o
                0x000808a4                sel_high_byte
 .text.sel_low_byte
                0x000808b4       0x10 Motor.o
                0x000808b4                sel_low_byte
 .text.enable_motor
                0x000808c4       0x10 Motor.o
                0x000808c4                enable_motor
 .text.toggle_reset
                0x000808d4       0x20 Motor.o
                0x000808d4                toggle_reset
 .text.motor_init
                0x000808f4       0x50 Motor.o
                0x000808f4                motor_init
 .text.read_motor_encoder
                0x00080944       0x50 Motor.o
                0x00080944                read_motor_encoder
 .text.set_motor_direction
                0x00080994       0x24 Motor.o
                0x00080994                set_motor_direction
 .text.set_motor_speed
                0x000809b8       0x34 Motor.o
                0x000809b8                set_motor_speed
 .text.motor_calib
                0x000809ec       0xbc Motor.o
                0x000809ec                motor_calib
 .text.go_to_pos
                0x00080aa8       0xf4 PID.o
                0x00080aa8                go_to_pos
 .text.prints   0x00080b9c       0xac printf-stdarg.o
 .text.printi   0x00080c48       0xbc printf-stdarg.o
 .text.print    0x00080d04      0x160 printf-stdarg.o
 .text.printf   0x00080e64       0x24 printf-stdarg.o
                0x00080e64                printf
 .text.pwm_init
                0x00080e88       0x54 PWM.o
                0x00080e88                pwm_init
 .text.pulse_width
                0x00080edc       0x4c PWM.o
                0x00080edc                pulse_width
 .text.servo_control
                0x00080f28       0x38 PWM.o
                0x00080f28                servo_control
 .text.led_control_init
                0x00080f60       0x54 PWM.o
                0x00080f60                led_control_init
 .text.led_on_startup
                0x00080fb4       0x90 PWM.o
                0x00080fb4                led_on_startup
 .text.timer0_init
                0x00081044       0x74 Timer.o
                0x00081044                timer0_init
 .text.TC0_Handler
                0x000810b8       0x44 Timer.o
                0x000810b8                TC0_Handler
 .text.rtt_timer_init
                0x000810fc       0x2c Timer.o
                0x000810fc                rtt_timer_init
 .text.RTT_Handler
                0x00081128       0x28 Timer.o
                0x00081128                RTT_Handler
 .text.configure_uart
                0x00081150       0x68 uart.o
                0x00081150                configure_uart
 .text.uart_putchar
                0x000811b8       0x24 uart.o
                0x000811b8                uart_putchar
 .text.UART_Handler
                0x000811dc       0x68 uart.o
                0x000811dc                UART_Handler
 .text          0x00081244      0x370 c:/program files (x86)/atmel/studio/7.0/toolchain/arm/arm-gnu-toolchain/bin/../lib/gcc/arm-none-eabi/6.3.1/thumb/v7-m\libgcc.a(_arm_addsubdf3.o)
                0x00081244                __aeabi_drsub
                0x0008124c                __aeabi_dsub
                0x0008124c                __subdf3
                0x00081250                __aeabi_dadd
                0x00081250                __adddf3
                0x000814c8                __floatunsidf
                0x000814c8                __aeabi_ui2d
                0x000814e8                __floatsidf
                0x000814e8                __aeabi_i2d
                0x0008150c                __aeabi_f2d
                0x0008150c                __extendsfdf2
                0x00081548                __floatundidf
                0x00081548                __aeabi_ul2d
                0x00081558                __floatdidf
                0x00081558                __aeabi_l2d
 .text          0x000815b4      0x424 c:/program files (x86)/atmel/studio/7.0/toolchain/arm/arm-gnu-toolchain/bin/../lib/gcc/arm-none-eabi/6.3.1/thumb/v7-m\libgcc.a(_arm_muldivdf3.o)
                0x000815b4                __aeabi_dmul
                0x000815b4                __muldf3
                0x00081808                __divdf3
                0x00081808                __aeabi_ddiv
 .text          0x000819d8       0x50 c:/program files (x86)/atmel/studio/7.0/toolchain/arm/arm-gnu-toolchain/bin/../lib/gcc/arm-none-eabi/6.3.1/thumb/v7-m\libgcc.a(_arm_fixdfsi.o)
                0x000819d8                __aeabi_d2iz
                0x000819d8                __fixdfsi
 .text          0x00081a28       0x40 c:/program files (x86)/atmel/studio/7.0/toolchain/arm/arm-gnu-toolchain/bin/../lib/gcc/arm-none-eabi/6.3.1/thumb/v7-m\libgcc.a(_arm_fixunsdfsi.o)
                0x00081a28                __aeabi_d2uiz
                0x00081a28                __fixunsdfsi
 .text          0x00081a68      0x21c c:/program files (x86)/atmel/studio/7.0/toolchain/arm/arm-gnu-toolchain/bin/../lib/gcc/arm-none-eabi/6.3.1/thumb/v7-m\libgcc.a(_arm_addsubsf3.o)
                0x00081a68                __aeabi_frsub
                0x00081a70                __subsf3
                0x00081a70                __aeabi_fsub
                0x00081a74                __aeabi_fadd
                0x00081a74                __addsf3
                0x00081bd4                __aeabi_ui2f
                0x00081bd4                __floatunsisf
                0x00081bdc                __aeabi_i2f
                0x00081bdc                __floatsisf
                0x00081bf8                __aeabi_ul2f
                0x00081bf8                __floatundisf
                0x00081c08                __aeabi_l2f
                0x00081c08                __floatdisf
 .text          0x00081c84       0xec c:/program files (x86)/atmel/studio/7.0/toolchain/arm/arm-gnu-toolchain/bin/../lib/gcc/arm-none-eabi/6.3.1/thumb/v7-m\libgcc.a(_arm_cmpsf2.o)
                0x00081c84                __gesf2
                0x00081c84                __gtsf2
                0x00081c8c                __lesf2
                0x00081c8c                __ltsf2
                0x00081c94                __nesf2
                0x00081c94                __eqsf2
                0x00081c94                __cmpsf2
                0x00081cf4                __aeabi_cfrcmple
                0x00081cfc                __aeabi_cfcmpeq
                0x00081cfc                __aeabi_cfcmple
                0x00081d0c                __aeabi_fcmpeq
                0x00081d20                __aeabi_fcmplt
                0x00081d34                __aeabi_fcmple
                0x00081d48                __aeabi_fcmpge
                0x00081d5c                __aeabi_fcmpgt
 .text          0x00081d70       0x40 c:/program files (x86)/atmel/studio/7.0/toolchain/arm/arm-gnu-toolchain/bin/../lib/gcc/arm-none-eabi/6.3.1/thumb/v7-m\libgcc.a(_arm_fixunssfsi.o)
                0x00081d70                __fixunssfsi
                0x00081d70                __aeabi_f2uiz
 .text.__libc_init_array
                0x00081db0       0x50 c:/program files (x86)/atmel/studio/7.0/toolchain/arm/arm-gnu-toolchain/bin/../lib/gcc/arm-none-eabi/6.3.1/../../../../arm-none-eabi/lib/thumb/v7-m\libc.a(lib_a-init.o)
                0x00081db0                __libc_init_array
 .text.startup.register_fini
                0x00081e00       0x14 c:/program files (x86)/atmel/studio/7.0/toolchain/arm/arm-gnu-toolchain/bin/../lib/gcc/arm-none-eabi/6.3.1/../../../../arm-none-eabi/lib/thumb/v7-m\libc.a(lib_a-__call_atexit.o)
 .text.atexit   0x00081e14        0xc c:/program files (x86)/atmel/studio/7.0/toolchain/arm/arm-gnu-toolchain/bin/../lib/gcc/arm-none-eabi/6.3.1/../../../../arm-none-eabi/lib/thumb/v7-m\libc.a(lib_a-atexit.o)
                0x00081e14                atexit
 .text.__libc_fini_array
                0x00081e20       0x34 c:/program files (x86)/atmel/studio/7.0/toolchain/arm/arm-gnu-toolchain/bin/../lib/gcc/arm-none-eabi/6.3.1/../../../../arm-none-eabi/lib/thumb/v7-m\libc.a(lib_a-fini.o)
                0x00081e20                __libc_fini_array
 .text.__retarget_lock_acquire_recursive
                0x00081e54        0x4 c:/program files (x86)/atmel/studio/7.0/toolchain/arm/arm-gnu-toolchain/bin/../lib/gcc/arm-none-eabi/6.3.1/../../../../arm-none-eabi/lib/thumb/v7-m\libc.a(lib_a-lock.o)
                0x00081e54                __retarget_lock_acquire_recursive
 .text.__retarget_lock_release_recursive
                0x00081e58        0x4 c:/program files (x86)/atmel/studio/7.0/toolchain/arm/arm-gnu-toolchain/bin/../lib/gcc/arm-none-eabi/6.3.1/../../../../arm-none-eabi/lib/thumb/v7-m\libc.a(lib_a-lock.o)
                0x00081e58                __retarget_lock_release_recursive
 .text.__register_exitproc
                0x00081e5c       0xc4 c:/program files (x86)/atmel/studio/7.0/toolchain/arm/arm-gnu-toolchain/bin/../lib/gcc/arm-none-eabi/6.3.1/../../../../arm-none-eabi/lib/thumb/v7-m\libc.a(lib_a-__atexit.o)
                0x00081e5c                __register_exitproc
 *(.glue_7t)
 .glue_7t       0x00081f20        0x0 linker stubs
 *(.glue_7)
 .glue_7        0x00081f20        0x0 linker stubs
 *(.rodata .rodata* .gnu.linkonce.r.*)
 .rodata.str1.4
                0x00081f20       0x53 can_controller.o
 *fill*         0x00081f73        0x1 
 .rodata.str1.4
                0x00081f74       0x8e can_interrupt.o
                                 0x92 (size before relaxing)
 *fill*         0x00082002        0x2 
 .rodata.str1.4
                0x00082004       0x23 Motor.o
 *fill*         0x00082027        0x1 
 .rodata.str1.4
                0x00082028        0x7 printf-stdarg.o
 *fill*         0x0008202f        0x1 
 .rodata.str1.4
                0x00082030       0x20 uart.o
                                 0x1e (size before relaxing)
 .rodata._global_impure_ptr
                0x00082050        0x4 c:/program files (x86)/atmel/studio/7.0/toolchain/arm/arm-gnu-toolchain/bin/../lib/gcc/arm-none-eabi/6.3.1/../../../../arm-none-eabi/lib/thumb/v7-m\libc.a(lib_a-impure.o)
                0x00082050                _global_impure_ptr
 *(.ARM.extab* .gnu.linkonce.armextab.*)
                0x00082054                . = ALIGN (0x4)
 *(.init)
 .init          0x00082054        0x4 c:/program files (x86)/atmel/studio/7.0/toolchain/arm/arm-gnu-toolchain/bin/../lib/gcc/arm-none-eabi/6.3.1/thumb/v7-m/crti.o
                0x00082054                _init
 .init          0x00082058        0x8 c:/program files (x86)/atmel/studio/7.0/toolchain/arm/arm-gnu-toolchain/bin/../lib/gcc/arm-none-eabi/6.3.1/thumb/v7-m/crtn.o
                0x00082060                . = ALIGN (0x4)
                0x00082060                __preinit_array_start = .
 *(.preinit_array)
                0x00082060                __preinit_array_end = .
                0x00082060                . = ALIGN (0x4)
                0x00082060                __init_array_start = .
 *(SORT(.init_array.*))
 .init_array.00000
                0x00082060        0x4 c:/program files (x86)/atmel/studio/7.0/toolchain/arm/arm-gnu-toolchain/bin/../lib/gcc/arm-none-eabi/6.3.1/../../../../arm-none-eabi/lib/thumb/v7-m\libc.a(lib_a-__call_atexit.o)
 *(.init_array)
 .init_array    0x00082064        0x4 c:/program files (x86)/atmel/studio/7.0/toolchain/arm/arm-gnu-toolchain/bin/../lib/gcc/arm-none-eabi/6.3.1/thumb/v7-m/crtbegin.o
                0x00082068                __init_array_end = .
                0x00082068                . = ALIGN (0x4)
 *crtbegin.o(.ctors)
 *(EXCLUDE_FILE(*crtend.o) .ctors)
 *(SORT(.ctors.*))
 *crtend.o(.ctors)
                0x00082068                . = ALIGN (0x4)
 *(.fini)
 .fini          0x00082068        0x4 c:/program files (x86)/atmel/studio/7.0/toolchain/arm/arm-gnu-toolchain/bin/../lib/gcc/arm-none-eabi/6.3.1/thumb/v7-m/crti.o
                0x00082068                _fini
 .fini          0x0008206c        0x8 c:/program files (x86)/atmel/studio/7.0/toolchain/arm/arm-gnu-toolchain/bin/../lib/gcc/arm-none-eabi/6.3.1/thumb/v7-m/crtn.o
                0x00082074                . = ALIGN (0x4)
                0x00082074                __fini_array_start = .
 *(.fini_array)
 .fini_array    0x00082074        0x4 c:/program files (x86)/atmel/studio/7.0/toolchain/arm/arm-gnu-toolchain/bin/../lib/gcc/arm-none-eabi/6.3.1/thumb/v7-m/crtbegin.o
 *(SORT(.fini_array.*))
                0x00082078                __fini_array_end = .
 *crtbegin.o(.dtors)
 *(EXCLUDE_FILE(*crtend.o) .dtors)
 *(SORT(.dtors.*))
 *crtend.o(.dtors)
                0x00082078                . = ALIGN (0x4)
                0x00082078                _efixed = .
                [!provide]                PROVIDE (__exidx_start, .)

.vfp11_veneer   0x00082078        0x0
 .vfp11_veneer  0x00082078        0x0 linker stubs

.v4_bx          0x00082078        0x0
 .v4_bx         0x00082078        0x0 linker stubs

.iplt           0x00082078        0x0
 .iplt          0x00082078        0x0 c:/program files (x86)/atmel/studio/7.0/toolchain/arm/arm-gnu-toolchain/bin/../lib/gcc/arm-none-eabi/6.3.1/thumb/v7-m/crtbegin.o

.eh_frame       0x00082078        0x0
 .eh_frame      0x00082078        0x0 c:/program files (x86)/atmel/studio/7.0/toolchain/arm/arm-gnu-toolchain/bin/../lib/gcc/arm-none-eabi/6.3.1/thumb/v7-m/crtbegin.o

.rel.dyn        0x00082078        0x0
 .rel.iplt      0x00082078        0x0 c:/program files (x86)/atmel/studio/7.0/toolchain/arm/arm-gnu-toolchain/bin/../lib/gcc/arm-none-eabi/6.3.1/thumb/v7-m/crtbegin.o

.jcr            0x00082078        0x0
 .jcr           0x00082078        0x0 c:/program files (x86)/atmel/studio/7.0/toolchain/arm/arm-gnu-toolchain/bin/../lib/gcc/arm-none-eabi/6.3.1/thumb/v7-m/crtbegin.o

.igot.plt       0x00082078        0x0
 .igot.plt      0x00082078        0x0 c:/program files (x86)/atmel/studio/7.0/toolchain/arm/arm-gnu-toolchain/bin/../lib/gcc/arm-none-eabi/6.3.1/thumb/v7-m/crtbegin.o

.ARM.exidx
 *(.ARM.exidx* .gnu.linkonce.armexidx.*)
                [!provide]                PROVIDE (__exidx_end, .)
                0x00082078                . = ALIGN (0x4)
                0x00082078                _etext = .

.relocate       0x20000000      0x434 load address 0x00082078
                0x20000000                . = ALIGN (0x4)
                0x20000000                _srelocate = .
 *(.ramfunc .ramfunc.*)
 *(.data .data.*)
 .data          0x20000000        0x4 ADC.o
                0x20000000                nb_goals
 .data          0x20000004        0x4 Device_Startup/system_sam3xa.o
                0x20000004                SystemCoreClock
 .data.impure_data
                0x20000008      0x428 c:/program files (x86)/atmel/studio/7.0/toolchain/arm/arm-gnu-toolchain/bin/../lib/gcc/arm-none-eabi/6.3.1/../../../../arm-none-eabi/lib/thumb/v7-m\libc.a(lib_a-impure.o)
 .data.__atexit_recursive_mutex
                0x20000430        0x4 c:/program files (x86)/atmel/studio/7.0/toolchain/arm/arm-gnu-toolchain/bin/../lib/gcc/arm-none-eabi/6.3.1/../../../../arm-none-eabi/lib/thumb/v7-m\libc.a(lib_a-__call_atexit.o)
                0x20000430                __atexit_recursive_mutex
                0x20000434                . = ALIGN (0x4)
                0x20000434                _erelocate = .

.bss            0x20000434       0xd0 load address 0x000824ac
                0x20000434                . = ALIGN (0x4)
                0x20000434                _sbss = .
                0x20000434                _szero = .
 *(.bss .bss.*)
 .bss           0x20000434       0x1c c:/program files (x86)/atmel/studio/7.0/toolchain/arm/arm-gnu-toolchain/bin/../lib/gcc/arm-none-eabi/6.3.1/thumb/v7-m/crtbegin.o
 .bss           0x20000450        0x8 ADC.o
                0x20000450                prev_blocked
                0x20000454                counter
 *(COMMON)
 COMMON         0x20000458       0x18 ADC.o
                0x20000458                reception_container
                0x20000464                transmisson_container
 COMMON         0x20000470       0x1e can_controller.o
                0x20000470                PID_data
                0x20000480                game_controls
                0x20000484                motor_data
 COMMON         0x2000048e        0xc PID.o
                0x2000048e                curr_motor_pos
                0x20000490                last_error
                0x20000492                curr_error
                0x20000494                k_term
                0x20000496                i_term
                0x20000498                d_term
 *fill*         0x2000049a        0x2 
 COMMON         0x2000049c       0x42 uart.o
                0x2000049c                rx_buffer
 *fill*         0x200004de        0x2 
 COMMON         0x200004e0       0x21 c:/program files (x86)/atmel/studio/7.0/toolchain/arm/arm-gnu-toolchain/bin/../lib/gcc/arm-none-eabi/6.3.1/../../../../arm-none-eabi/lib/thumb/v7-m\libc.a(lib_a-lock.o)
                0x200004e0                __lock___atexit_recursive_mutex
                0x200004e4                __lock___arc4random_mutex
                0x200004e8                __lock___env_recursive_mutex
                0x200004ec                __lock___sinit_recursive_mutex
                0x200004f0                __lock___malloc_recursive_mutex
                0x200004f4                __lock___at_quick_exit_mutex
                0x200004f8                __lock___dd_hash_mutex
                0x200004fc                __lock___tz_mutex
                0x20000500                __lock___sfp_recursive_mutex
                0x20000504                . = ALIGN (0x4)
 *fill*         0x20000501        0x3 
                0x20000504                _ebss = .
                0x20000504                _ezero = .

.stack          0x20000504      0x404 load address 0x0008257c
                0x20000508                . = ALIGN (0x8)
 *fill*         0x20000504        0x4 
                0x20000508                _sstack = .
                0x20000908                . = (. + STACK_SIZE)
 *fill*         0x20000508      0x400 
                0x20000908                . = ALIGN (0x8)
                0x20000908                _estack = .

.heap           0x20000908      0x200 load address 0x00082980
                0x20000908                . = ALIGN (0x8)
                0x20000908                _sheap = .
                0x20000b08                . = (. + HEAP_SIZE)
 *fill*         0x20000908      0x200 
                0x20000b08                . = ALIGN (0x8)
                0x20000b08                _eheap = .
                0x20000b08                . = ALIGN (0x4)
                0x20000b08                _end = .
                0x20017fff                _ram_end_ = ((ORIGIN (ram) + LENGTH (ram)) - 0x1)
OUTPUT(main.elf elf32-littlearm)

.ARM.attributes
                0x00000000       0x29
 .ARM.attributes
                0x00000000       0x1d c:/program files (x86)/atmel/studio/7.0/toolchain/arm/arm-gnu-toolchain/bin/../lib/gcc/arm-none-eabi/6.3.1/thumb/v7-m/crti.o
 .ARM.attributes
                0x0000001d       0x2d c:/program files (x86)/atmel/studio/7.0/toolchain/arm/arm-gnu-toolchain/bin/../lib/gcc/arm-none-eabi/6.3.1/thumb/v7-m/crtbegin.o
 .ARM.attributes
                0x0000004a       0x33 ADC.o
 .ARM.attributes
                0x0000007d       0x33 can_controller.o
 .ARM.attributes
                0x000000b0       0x33 can_interrupt.o
 .ARM.attributes
                0x000000e3       0x33 DAC.o
 .ARM.attributes
                0x00000116       0x33 delay.o
 .ARM.attributes
                0x00000149       0x33 Device_Startup/startup_sam3xa.o
 .ARM.attributes
                0x0000017c       0x33 Device_Startup/system_sam3xa.o
 .ARM.attributes
                0x000001af       0x33 main.o
 .ARM.attributes
                0x000001e2       0x33 Motor.o
 .ARM.attributes
                0x00000215       0x33 PID.o
 .ARM.attributes
                0x00000248       0x33 printf-stdarg.o
 .ARM.attributes
                0x0000027b       0x33 PWM.o
 .ARM.attributes
                0x000002ae       0x33 Timer.o
 .ARM.attributes
                0x000002e1       0x33 uart.o
 .ARM.attributes
                0x00000314       0x1d c:/program files (x86)/atmel/studio/7.0/toolchain/arm/arm-gnu-toolchain/bin/../lib/gcc/arm-none-eabi/6.3.1/thumb/v7-m\libgcc.a(_arm_addsubdf3.o)
 .ARM.attributes
                0x00000331       0x1d c:/program files (x86)/atmel/studio/7.0/toolchain/arm/arm-gnu-toolchain/bin/../lib/gcc/arm-none-eabi/6.3.1/thumb/v7-m\libgcc.a(_arm_muldivdf3.o)
 .ARM.attributes
                0x0000034e       0x1d c:/program files (x86)/atmel/studio/7.0/toolchain/arm/arm-gnu-toolchain/bin/../lib/gcc/arm-none-eabi/6.3.1/thumb/v7-m\libgcc.a(_arm_fixdfsi.o)
 .ARM.attributes
                0x0000036b       0x1d c:/program files (x86)/atmel/studio/7.0/toolchain/arm/arm-gnu-toolchain/bin/../lib/gcc/arm-none-eabi/6.3.1/thumb/v7-m\libgcc.a(_arm_fixunsdfsi.o)
 .ARM.attributes
                0x00000388       0x1d c:/program files (x86)/atmel/studio/7.0/toolchain/arm/arm-gnu-toolchain/bin/../lib/gcc/arm-none-eabi/6.3.1/thumb/v7-m\libgcc.a(_arm_addsubsf3.o)
 .ARM.attributes
                0x000003a5       0x1d c:/program files (x86)/atmel/studio/7.0/toolchain/arm/arm-gnu-toolchain/bin/../lib/gcc/arm-none-eabi/6.3.1/thumb/v7-m\libgcc.a(_arm_cmpsf2.o)
 .ARM.attributes
                0x000003c2       0x1d c:/program files (x86)/atmel/studio/7.0/toolchain/arm/arm-gnu-toolchain/bin/../lib/gcc/arm-none-eabi/6.3.1/thumb/v7-m\libgcc.a(_arm_fixunssfsi.o)
 .ARM.attributes
                0x000003df       0x2d c:/program files (x86)/atmel/studio/7.0/toolchain/arm/arm-gnu-toolchain/bin/../lib/gcc/arm-none-eabi/6.3.1/../../../../arm-none-eabi/lib/thumb/v7-m\libc.a(lib_a-impure.o)
 .ARM.attributes
                0x0000040c       0x2d c:/program files (x86)/atmel/studio/7.0/toolchain/arm/arm-gnu-toolchain/bin/../lib/gcc/arm-none-eabi/6.3.1/../../../../arm-none-eabi/lib/thumb/v7-m\libc.a(lib_a-init.o)
 .ARM.attributes
                0x00000439       0x2d c:/program files (x86)/atmel/studio/7.0/toolchain/arm/arm-gnu-toolchain/bin/../lib/gcc/arm-none-eabi/6.3.1/../../../../arm-none-eabi/lib/thumb/v7-m\libc.a(lib_a-__call_atexit.o)
 .ARM.attributes
                0x00000466       0x2d c:/program files (x86)/atmel/studio/7.0/toolchain/arm/arm-gnu-toolchain/bin/../lib/gcc/arm-none-eabi/6.3.1/../../../../arm-none-eabi/lib/thumb/v7-m\libc.a(lib_a-atexit.o)
 .ARM.attributes
                0x00000493       0x2d c:/program files (x86)/atmel/studio/7.0/toolchain/arm/arm-gnu-toolchain/bin/../lib/gcc/arm-none-eabi/6.3.1/../../../../arm-none-eabi/lib/thumb/v7-m\libc.a(lib_a-fini.o)
 .ARM.attributes
                0x000004c0       0x2d c:/program files (x86)/atmel/studio/7.0/toolchain/arm/arm-gnu-toolchain/bin/../lib/gcc/arm-none-eabi/6.3.1/../../../../arm-none-eabi/lib/thumb/v7-m\libc.a(lib_a-lock.o)
 .ARM.attributes
                0x000004ed       0x2d c:/program files (x86)/atmel/studio/7.0/toolchain/arm/arm-gnu-toolchain/bin/../lib/gcc/arm-none-eabi/6.3.1/../../../../arm-none-eabi/lib/thumb/v7-m\libc.a(lib_a-__atexit.o)
 .ARM.attributes
                0x0000051a       0x1d c:/program files (x86)/atmel/studio/7.0/toolchain/arm/arm-gnu-toolchain/bin/../lib/gcc/arm-none-eabi/6.3.1/thumb/v7-m/crtn.o

.comment        0x00000000       0x59
 .comment       0x00000000       0x59 ADC.o
                                 0x5a (size before relaxing)
 .comment       0x00000059       0x5a can_controller.o
 .comment       0x00000059       0x5a can_interrupt.o
 .comment       0x00000059       0x5a DAC.o
 .comment       0x00000059       0x5a delay.o
 .comment       0x00000059       0x5a Device_Startup/startup_sam3xa.o
 .comment       0x00000059       0x5a Device_Startup/system_sam3xa.o
 .comment       0x00000059       0x5a main.o
 .comment       0x00000059       0x5a Motor.o
 .comment       0x00000059       0x5a PID.o
 .comment       0x00000059       0x5a printf-stdarg.o
 .comment       0x00000059       0x5a PWM.o
 .comment       0x00000059       0x5a Timer.o
 .comment       0x00000059       0x5a uart.o

.debug_info     0x00000000     0xcd95
 .debug_info    0x00000000     0x11a8 ADC.o
 .debug_info    0x000011a8     0x1214 can_controller.o
 .debug_info    0x000023bc     0x1215 can_interrupt.o
 .debug_info    0x000035d1      0x8f6 DAC.o
 .debug_info    0x00003ec7      0x1e5 delay.o
 .debug_info    0x000040ac      0x74e Device_Startup/startup_sam3xa.o
 .debug_info    0x000047fa      0x444 Device_Startup/system_sam3xa.o
 .debug_info    0x00004c3e      0xfd1 main.o
 .debug_info    0x00005c0f     0x14f2 Motor.o
 .debug_info    0x00007101      0xe57 PID.o
 .debug_info    0x00007f58      0x65f printf-stdarg.o
 .debug_info    0x000085b7     0x1826 PWM.o
 .debug_info    0x00009ddd     0x1aa0 Timer.o
 .debug_info    0x0000b87d     0x1518 uart.o

.debug_abbrev   0x00000000     0x1d49
 .debug_abbrev  0x00000000      0x212 ADC.o
 .debug_abbrev  0x00000212      0x28b can_controller.o
 .debug_abbrev  0x0000049d      0x2c5 can_interrupt.o
 .debug_abbrev  0x00000762       0xf5 DAC.o
 .debug_abbrev  0x00000857      0x105 delay.o
 .debug_abbrev  0x0000095c      0x153 Device_Startup/startup_sam3xa.o
 .debug_abbrev  0x00000aaf      0x102 Device_Startup/system_sam3xa.o
 .debug_abbrev  0x00000bb1      0x262 main.o
 .debug_abbrev  0x00000e13      0x2ba Motor.o
 .debug_abbrev  0x000010cd      0x27f PID.o
 .debug_abbrev  0x0000134c      0x1e6 printf-stdarg.o
 .debug_abbrev  0x00001532      0x26d PWM.o
 .debug_abbrev  0x0000179f      0x2ea Timer.o
 .debug_abbrev  0x00001a89      0x2c0 uart.o

.debug_loc      0x00000000     0x16d6
 .debug_loc     0x00000000       0x3e ADC.o
 .debug_loc     0x0000003e      0x3dc can_controller.o
 .debug_loc     0x0000041a       0x54 can_interrupt.o
 .debug_loc     0x0000046e       0xc3 delay.o
 .debug_loc     0x00000531       0x6b Device_Startup/startup_sam3xa.o
 .debug_loc     0x0000059c       0x40 main.o
 .debug_loc     0x000005dc      0x1b1 Motor.o
 .debug_loc     0x0000078d      0x164 PID.o
 .debug_loc     0x000008f1      0xb0a printf-stdarg.o
 .debug_loc     0x000013fb      0x138 PWM.o
 .debug_loc     0x00001533       0xd5 Timer.o
 .debug_loc     0x00001608       0xce uart.o

.debug_aranges  0x00000000      0x328
 .debug_aranges
                0x00000000       0x28 ADC.o
 .debug_aranges
                0x00000028       0x48 can_controller.o
 .debug_aranges
                0x00000070       0x20 can_interrupt.o
 .debug_aranges
                0x00000090       0x28 DAC.o
 .debug_aranges
                0x000000b8       0x30 delay.o
 .debug_aranges
                0x000000e8       0x28 Device_Startup/startup_sam3xa.o
 .debug_aranges
                0x00000110       0x30 Device_Startup/system_sam3xa.o
 .debug_aranges
                0x00000140       0x30 main.o
 .debug_aranges
                0x00000170       0x88 Motor.o
 .debug_aranges
                0x000001f8       0x28 PID.o
 .debug_aranges
                0x00000220       0x48 printf-stdarg.o
 .debug_aranges
                0x00000268       0x48 PWM.o
 .debug_aranges
                0x000002b0       0x40 Timer.o
 .debug_aranges
                0x000002f0       0x38 uart.o

.debug_ranges   0x00000000      0x278
 .debug_ranges  0x00000000       0x18 ADC.o
 .debug_ranges  0x00000018       0x38 can_controller.o
 .debug_ranges  0x00000050       0x10 can_interrupt.o
 .debug_ranges  0x00000060       0x18 DAC.o
 .debug_ranges  0x00000078       0x20 delay.o
 .debug_ranges  0x00000098       0x18 Device_Startup/startup_sam3xa.o
 .debug_ranges  0x000000b0       0x20 Device_Startup/system_sam3xa.o
 .debug_ranges  0x000000d0       0x20 main.o
 .debug_ranges  0x000000f0       0x78 Motor.o
 .debug_ranges  0x00000168       0x18 PID.o
 .debug_ranges  0x00000180       0x68 printf-stdarg.o
 .debug_ranges  0x000001e8       0x38 PWM.o
 .debug_ranges  0x00000220       0x30 Timer.o
 .debug_ranges  0x00000250       0x28 uart.o

.debug_macro    0x00000000    0x13bdb
 .debug_macro   0x00000000      0x4c6 ADC.o
 .debug_macro   0x000004c6      0x8b0 ADC.o
 .debug_macro   0x00000d76       0x22 ADC.o
 .debug_macro   0x00000d98       0x87 ADC.o
 .debug_macro   0x00000e1f       0x51 ADC.o
 .debug_macro   0x00000e70       0xef ADC.o
 .debug_macro   0x00000f5f       0x6a ADC.o
 .debug_macro   0x00000fc9      0x1df ADC.o
 .debug_macro   0x000011a8       0x20 ADC.o
 .debug_macro   0x000011c8       0x28 ADC.o
 .debug_macro   0x000011f0       0x93 ADC.o
 .debug_macro   0x00001283      0xe18 ADC.o
 .debug_macro   0x0000209b      0xa7d ADC.o
 .debug_macro   0x00002b18      0x55a ADC.o
 .debug_macro   0x00003072      0x1a8 ADC.o
 .debug_macro   0x0000321a      0x30b ADC.o
 .debug_macro   0x00003525      0x709 ADC.o
 .debug_macro   0x00003c2e       0xd6 ADC.o
 .debug_macro   0x00003d04      0x56c ADC.o
 .debug_macro   0x00004270       0x1c ADC.o
 .debug_macro   0x0000428c      0x678 ADC.o
 .debug_macro   0x00004904      0x51e ADC.o
 .debug_macro   0x00004e22       0xbe ADC.o
 .debug_macro   0x00004ee0     0x2333 ADC.o
 .debug_macro   0x00007213      0x7d1 ADC.o
 .debug_macro   0x000079e4      0xdbb ADC.o
 .debug_macro   0x0000879f       0x9a ADC.o
 .debug_macro   0x00008839      0x29c ADC.o
 .debug_macro   0x00008ad5       0x58 ADC.o
 .debug_macro   0x00008b2d      0x999 ADC.o
 .debug_macro   0x000094c6      0x22d ADC.o
 .debug_macro   0x000096f3      0x4b4 ADC.o
 .debug_macro   0x00009ba7      0x64a ADC.o
 .debug_macro   0x0000a1f1      0x590 ADC.o
 .debug_macro   0x0000a781       0x46 ADC.o
 .debug_macro   0x0000a7c7      0x33f ADC.o
 .debug_macro   0x0000ab06      0x27e ADC.o
 .debug_macro   0x0000ad84     0x14dc ADC.o
 .debug_macro   0x0000c260      0x7cf ADC.o
 .debug_macro   0x0000ca2f       0x76 ADC.o
 .debug_macro   0x0000caa5       0x82 ADC.o
 .debug_macro   0x0000cb27       0x76 ADC.o
 .debug_macro   0x0000cb9d       0x4c ADC.o
 .debug_macro   0x0000cbe9      0x100 ADC.o
 .debug_macro   0x0000cce9      0x100 ADC.o
 .debug_macro   0x0000cde9      0x100 ADC.o
 .debug_macro   0x0000cee9       0x88 ADC.o
 .debug_macro   0x0000cf71       0x88 ADC.o
 .debug_macro   0x0000cff9      0x3b4 ADC.o
 .debug_macro   0x0000d3ad       0xbe ADC.o
 .debug_macro   0x0000d46b       0xbe ADC.o
 .debug_macro   0x0000d529       0xbe ADC.o
 .debug_macro   0x0000d5e7       0xbe ADC.o
 .debug_macro   0x0000d6a5      0x2b8 ADC.o
 .debug_macro   0x0000d95d      0x118 ADC.o
 .debug_macro   0x0000da75      0x216 ADC.o
 .debug_macro   0x0000dc8b      0x216 ADC.o
 .debug_macro   0x0000dea1       0x2e ADC.o
 .debug_macro   0x0000decf       0xac ADC.o
 .debug_macro   0x0000df7b      0x13e ADC.o
 .debug_macro   0x0000e0b9       0x7c ADC.o
 .debug_macro   0x0000e135      0x1f6 ADC.o
 .debug_macro   0x0000e32b       0x64 ADC.o
 .debug_macro   0x0000e38f       0xa6 ADC.o
 .debug_macro   0x0000e435       0x7c ADC.o
 .debug_macro   0x0000e4b1       0x16 ADC.o
 .debug_macro   0x0000e4c7       0x22 ADC.o
 .debug_macro   0x0000e4e9       0x22 ADC.o
 .debug_macro   0x0000e50b      0x10c ADC.o
 .debug_macro   0x0000e617      0x10c ADC.o
 .debug_macro   0x0000e723      0x10c ADC.o
 .debug_macro   0x0000e82f      0x10c ADC.o
 .debug_macro   0x0000e93b       0x1c ADC.o
 .debug_macro   0x0000e957       0x2e ADC.o
 .debug_macro   0x0000e985       0x22 ADC.o
 .debug_macro   0x0000e9a7       0x1c ADC.o
 .debug_macro   0x0000e9c3       0x58 ADC.o
 .debug_macro   0x0000ea1b       0x10 ADC.o
 .debug_macro   0x0000ea2b      0x27a ADC.o
 .debug_macro   0x0000eca5      0xd34 ADC.o
 .debug_macro   0x0000f9d9      0x170 ADC.o
 .debug_macro   0x0000fb49       0x58 ADC.o
 .debug_macro   0x0000fba1       0x35 ADC.o
 .debug_macro   0x0000fbd6       0x9c ADC.o
 .debug_macro   0x0000fc72       0x16 ADC.o
 .debug_macro   0x0000fc88       0x97 ADC.o
 .debug_macro   0x0000fd1f      0x353 ADC.o
 .debug_macro   0x00010072       0xf6 ADC.o
 .debug_macro   0x00010168       0x10 ADC.o
 .debug_macro   0x00010178       0x58 ADC.o
 .debug_macro   0x000101d0       0x1f ADC.o
 .debug_macro   0x000101ef       0x43 ADC.o
 .debug_macro   0x00010232       0x20 ADC.o
 .debug_macro   0x00010252      0x187 ADC.o
 .debug_macro   0x000103d9       0x10 ADC.o
 .debug_macro   0x000103e9       0x1c ADC.o
 .debug_macro   0x00010405       0x52 ADC.o
 .debug_macro   0x00010457       0x40 ADC.o
 .debug_macro   0x00010497       0x10 ADC.o
 .debug_macro   0x000104a7       0x40 ADC.o
 .debug_macro   0x000104e7       0xd7 ADC.o
 .debug_macro   0x000105be       0x16 ADC.o
 .debug_macro   0x000105d4      0x18b ADC.o
 .debug_macro   0x0001075f       0x22 ADC.o
 .debug_macro   0x00010781      0x390 can_controller.o
 .debug_macro   0x00010b11       0x26 can_controller.o
 .debug_macro   0x00010b37      0x4f8 can_interrupt.o
 .debug_macro   0x0001102f      0x351 DAC.o
 .debug_macro   0x00011380      0x361 delay.o
 .debug_macro   0x000116e1      0x351 Device_Startup/startup_sam3xa.o
 .debug_macro   0x00011a32      0x363 Device_Startup/system_sam3xa.o
 .debug_macro   0x00011d95      0x515 main.o
 .debug_macro   0x000122aa       0x10 main.o
 .debug_macro   0x000122ba      0x516 Motor.o
 .debug_macro   0x000127d0       0x16 Motor.o
 .debug_macro   0x000127e6       0x35 Motor.o
 .debug_macro   0x0001281b       0x16 Motor.o
 .debug_macro   0x00012831       0x29 Motor.o
 .debug_macro   0x0001285a      0x239 PID.o
 .debug_macro   0x00012a93      0x1e1 PID.o
 .debug_macro   0x00012c74       0x8e printf-stdarg.o
 .debug_macro   0x00012d02       0x58 printf-stdarg.o
 .debug_macro   0x00012d5a      0x4ca PWM.o
 .debug_macro   0x00013224      0x515 Timer.o
 .debug_macro   0x00013739      0x4a2 uart.o

.debug_line     0x00000000     0x6992
 .debug_line    0x00000000      0x843 ADC.o
 .debug_line    0x00000843      0x837 can_controller.o
 .debug_line    0x0000107a      0x8c2 can_interrupt.o
 .debug_line    0x0000193c      0x6da DAC.o
 .debug_line    0x00002016      0x6fa delay.o
 .debug_line    0x00002710      0x6fe Device_Startup/startup_sam3xa.o
 .debug_line    0x00002e0e      0x774 Device_Startup/system_sam3xa.o
 .debug_line    0x00003582      0x8ba main.o
 .debug_line    0x00003e3c      0x961 Motor.o
 .debug_line    0x0000479d      0x417 PID.o
 .debug_line    0x00004bb4      0x3bd printf-stdarg.o
 .debug_line    0x00004f71      0x8af PWM.o
 .debug_line    0x00005820      0x912 Timer.o
 .debug_line    0x00006132      0x860 uart.o

.debug_str      0x00000000    0x55376
 .debug_str     0x00000000    0x53385 ADC.o
                              0x53604 (size before relaxing)
 .debug_str     0x00053385      0x6eb can_controller.o
                              0x4faf5 (size before relaxing)
 .debug_str     0x00053a70       0x73 can_interrupt.o
                              0x53853 (size before relaxing)
 .debug_str     0x00053ae3       0xea DAC.o
                              0x4f4c5 (size before relaxing)
 .debug_str     0x00053bcd       0x6b delay.o
                              0x4f155 (size before relaxing)
 .debug_str     0x00053c38      0x506 Device_Startup/startup_sam3xa.o
                              0x4f61b (size before relaxing)
 .debug_str     0x0005413e      0x195 Device_Startup/system_sam3xa.o
                              0x4f3ae (size before relaxing)
 .debug_str     0x000542d3       0xd6 main.o
                              0x5363d (size before relaxing)
 .debug_str     0x000543a9      0x1e7 Motor.o
                              0x538ab (size before relaxing)
 .debug_str     0x00054590      0x919 PID.o
                               0x8201 (size before relaxing)
 .debug_str     0x00054ea9      0x174 printf-stdarg.o
                               0x363c (size before relaxing)
 .debug_str     0x0005501d      0x219 PWM.o
                              0x53914 (size before relaxing)
 .debug_str     0x00055236       0x3d Timer.o
                              0x53bfd (size before relaxing)
 .debug_str     0x00055273      0x103 uart.o
                              0x5391d (size before relaxing)

.debug_frame    0x00000000      0xa8c
 .debug_frame   0x00000000       0x38 ADC.o
 .debug_frame   0x00000038       0xac can_controller.o
 .debug_frame   0x000000e4       0x34 can_interrupt.o
 .debug_frame   0x00000118       0x30 DAC.o
 .debug_frame   0x00000148       0x58 delay.o
 .debug_frame   0x000001a0       0x38 Device_Startup/startup_sam3xa.o
 .debug_frame   0x000001d8       0x40 Device_Startup/system_sam3xa.o
 .debug_frame   0x00000218       0x50 main.o
 .debug_frame   0x00000268      0x128 Motor.o
 .debug_frame   0x00000390       0x50 PID.o
 .debug_frame   0x000003e0      0x118 printf-stdarg.o
 .debug_frame   0x000004f8       0x98 PWM.o
 .debug_frame   0x00000590       0x68 Timer.o
 .debug_frame   0x000005f8       0x58 uart.o
 .debug_frame   0x00000650       0xac c:/program files (x86)/atmel/studio/7.0/toolchain/arm/arm-gnu-toolchain/bin/../lib/gcc/arm-none-eabi/6.3.1/thumb/v7-m\libgcc.a(_arm_addsubdf3.o)
 .debug_frame   0x000006fc       0x50 c:/program files (x86)/atmel/studio/7.0/toolchain/arm/arm-gnu-toolchain/bin/../lib/gcc/arm-none-eabi/6.3.1/thumb/v7-m\libgcc.a(_arm_muldivdf3.o)
 .debug_frame   0x0000074c       0x24 c:/program files (x86)/atmel/studio/7.0/toolchain/arm/arm-gnu-toolchain/bin/../lib/gcc/arm-none-eabi/6.3.1/thumb/v7-m\libgcc.a(_arm_fixdfsi.o)
 .debug_frame   0x00000770       0x24 c:/program files (x86)/atmel/studio/7.0/toolchain/arm/arm-gnu-toolchain/bin/../lib/gcc/arm-none-eabi/6.3.1/thumb/v7-m\libgcc.a(_arm_fixunsdfsi.o)
 .debug_frame   0x00000794       0x4c c:/program files (x86)/atmel/studio/7.0/toolchain/arm/arm-gnu-toolchain/bin/../lib/gcc/arm-none-eabi/6.3.1/thumb/v7-m\libgcc.a(_arm_addsubsf3.o)
 .debug_frame   0x000007e0       0xc8 c:/program files (x86)/atmel/studio/7.0/toolchain/arm/arm-gnu-toolchain/bin/../lib/gcc/arm-none-eabi/6.3.1/thumb/v7-m\libgcc.a(_arm_cmpsf2.o)
 .debug_frame   0x000008a8       0x24 c:/program files (x86)/atmel/studio/7.0/toolchain/arm/arm-gnu-toolchain/bin/../lib/gcc/arm-none-eabi/6.3.1/thumb/v7-m\libgcc.a(_arm_fixunssfsi.o)
 .debug_frame   0x000008cc       0x2c c:/program files (x86)/atmel/studio/7.0/toolchain/arm/arm-gnu-toolchain/bin/../lib/gcc/arm-none-eabi/6.3.1/../../../../arm-none-eabi/lib/thumb/v7-m\libc.a(lib_a-init.o)
 .debug_frame   0x000008f8       0x5c c:/program files (x86)/atmel/studio/7.0/toolchain/arm/arm-gnu-toolchain/bin/../lib/gcc/arm-none-eabi/6.3.1/../../../../arm-none-eabi/lib/thumb/v7-m\libc.a(lib_a-__call_atexit.o)
 .debug_frame   0x00000954       0x20 c:/program files (x86)/atmel/studio/7.0/toolchain/arm/arm-gnu-toolchain/bin/../lib/gcc/arm-none-eabi/6.3.1/../../../../arm-none-eabi/lib/thumb/v7-m\libc.a(lib_a-atexit.o)
 .debug_frame   0x00000974       0x34 c:/program files (x86)/atmel/studio/7.0/toolchain/arm/arm-gnu-toolchain/bin/../lib/gcc/arm-none-eabi/6.3.1/../../../../arm-none-eabi/lib/thumb/v7-m\libc.a(lib_a-fini.o)
 .debug_frame   0x000009a8       0xb0 c:/program files (x86)/atmel/studio/7.0/toolchain/arm/arm-gnu-toolchain/bin/../lib/gcc/arm-none-eabi/6.3.1/../../../../arm-none-eabi/lib/thumb/v7-m\libc.a(lib_a-lock.o)
 .debug_frame   0x00000a58       0x34 c:/program files (x86)/atmel/studio/7.0/toolchain/arm/arm-gnu-toolchain/bin/../lib/gcc/arm-none-eabi/6.3.1/../../../../arm-none-eabi/lib/thumb/v7-m\libc.a(lib_a-__atexit.o)
